2025-09-27 19:50:59,195 - main - INFO - Trading system initialized successfully
2025-09-27 19:50:59,195 - main - INFO - Starting backtest for symbols: ['AAPL', 'MSFT', 'GOOGL', 'TSLA', 'NVDA']
2025-09-27 19:50:59,447 - yfinance - ERROR - Failed to get ticker 'AAPL' reason: Expecting value: line 1 column 1 (char 0)
2025-09-27 19:50:59,589 - yfinance - ERROR - AAPL: No price data found, symbol may be delisted (period=1y)
2025-09-27 19:50:59,829 - yfinance - ERROR - Failed to get ticker 'MSFT' reason: Expecting value: line 1 column 1 (char 0)
2025-09-27 19:50:59,971 - yfinance - ERROR - MSFT: No price data found, symbol may be delisted (period=1y)
2025-09-27 19:51:00,238 - yfinance - ERROR - Failed to get ticker 'GOOGL' reason: Expecting value: line 1 column 1 (char 0)
2025-09-27 19:51:00,390 - yfinance - ERROR - GOOGL: No price data found, symbol may be delisted (period=1y)
2025-09-27 19:51:00,667 - yfinance - ERROR - Failed to get ticker 'TSLA' reason: Expecting value: line 1 column 1 (char 0)
2025-09-27 19:51:00,853 - yfinance - ERROR - TSLA: No price data found, symbol may be delisted (period=1y)
2025-09-27 19:51:01,109 - yfinance - ERROR - Failed to get ticker 'NVDA' reason: Expecting value: line 1 column 1 (char 0)
2025-09-27 19:51:01,283 - yfinance - ERROR - NVDA: No price data found, symbol may be delisted (period=1y)
2025-09-27 19:51:01,389 - main - ERROR - No data available for backtest
2025-09-27 19:59:37,165 - main - INFO - Trading system initialized successfully
2025-09-27 19:59:37,165 - main - INFO - Starting backtest for symbols: ['AAPL', 'MSFT', 'GOOGL', 'TSLA', 'NVDA']
2025-09-27 19:59:52,579 - main - INFO - Trading system initialized successfully
2025-09-27 19:59:52,579 - main - INFO - Starting backtest for symbols: ['AAPL', 'MSFT', 'GOOGL', 'TSLA', 'NVDA']
2025-09-27 19:59:54,631 - main - INFO - Backtest completed. Total return: 0.00%
2025-09-27 20:00:04,199 - main - INFO - Trading system initialized successfully
2025-09-27 20:00:04,200 - main - INFO - Starting backtest for symbols: ['AAPL', 'MSFT']
2025-09-27 20:00:05,750 - main - INFO - Backtest completed. Total return: 0.00%
2025-09-27 20:23:08,311 - main - INFO - Trading system initialized successfully
2025-09-27 20:23:08,311 - main - INFO - Starting backtest for symbols: ['AAPL', 'MSFT', 'GOOGL']
2025-09-27 20:23:09,749 - main - INFO - Backtest completed. Total return: 0.00%
2025-09-27 20:23:54,956 - main - INFO - Trading system initialized successfully
2025-09-27 20:23:54,956 - main - INFO - Starting backtest for symbols: ['AAPL', 'MSFT']
2025-09-27 20:23:56,378 - main - INFO - Backtest completed. Total return: 0.00%
2025-09-27 20:24:08,951 - main - INFO - Trading system initialized successfully
2025-09-27 20:24:08,952 - main - INFO - Starting backtest for symbols: ['AAPL']
2025-09-27 20:24:09,883 - main - INFO - Backtest completed. Total return: 0.00%
2025-09-27 20:24:35,433 - main - INFO - Trading system initialized successfully
2025-09-27 20:24:35,434 - main - INFO - Starting backtest for symbols: ['AAPL']
2025-09-27 20:24:36,437 - main - INFO - Backtest completed. Total return: 0.00%
2025-09-27 20:25:11,311 - main - INFO - Trading system initialized successfully
2025-09-27 20:25:11,311 - main - INFO - Starting backtest for symbols: ['AAPL']
2025-09-27 20:25:12,247 - main - INFO - Backtest completed. Total return: 0.00%
2025-09-27 20:26:19,016 - main - INFO - Trading system initialized successfully
2025-09-27 20:26:19,016 - main - INFO - Starting backtest for symbols: ['AAPL']
2025-09-27 20:26:20,008 - main - INFO - Backtest completed. Total return: -0.01%
2025-09-27 20:26:32,608 - main - INFO - Trading system initialized successfully
2025-09-27 20:26:32,608 - main - INFO - Starting backtest for symbols: ['AAPL', 'MSFT']
2025-09-27 20:26:33,788 - main - INFO - Backtest completed. Total return: 0.00%
2025-09-27 20:29:39,292 - main - INFO - Trading system initialized successfully
2025-09-27 20:29:39,292 - main - INFO - Starting backtest for symbols: ['AAPL']
2025-09-27 20:29:40,371 - main - INFO - Backtest completed. Total return: -0.01%
